
--- Testing Access for FINANCE User ---
Finance User saw 2 results.

--- Testing Access for HR User querying Finance docs ---
HR User saw 0 Finance results.

--- Testing Access for C-LEVEL User ---
C-Level User saw 5 results.

--- Testing Access for EMPLOYEE User ---
Employee saw 1 results.
